============================= test session starts =============================
platform win32 -- Python 3.12.4, pytest-9.0.2, pluggy-1.6.0
rootdir: C:\Users\Khwaish\.vscode\AIPlanner\backend
plugins: anyio-4.12.1, Faker-40.1.2, langsmith-0.6.4, locust-2.43.1, asyncio-1.3.0, cov-7.0.0
asyncio: mode=Mode.STRICT, debug=False, asyncio_default_fixture_loop_scope=None, asyncio_default_test_loop_scope=function
collected 7 items

tests\api\test_ai.py EEEEEEE                                             [100%]

=================================== ERRORS ====================================
________________ ERROR at setup of test_analyze_task_endpoint _________________

self = <Coroutine test_analyze_task_endpoint>

    def setup(self) -> None:
        runner_fixture_id = f"_{self._loop_scope}_scoped_runner"
        if runner_fixture_id not in self.fixturenames:
            self.fixturenames.append(runner_fixture_id)
>       return super().setup()
               ^^^^^^^^^^^^^^^

venv\Lib\site-packages\pytest_asyncio\plugin.py:458: 
_ _ _ _ _ _ _ _ _ _ _ _ _ _ _ _ _ _ _ _ _ _ _ _ _ _ _ _ _ _ _ _ _ _ _ _ _ _ _ _

fixturedef = <FixtureDef argname='db_session' scope='function' baseid='tests'>
request = <SubRequest 'db_session' for <Coroutine test_analyze_task_endpoint>>

    @pytest.hookimpl(wrapper=True)
    def pytest_fixture_setup(fixturedef: FixtureDef, request) -> object | None:
        asyncio_mode = _get_asyncio_mode(request.config)
        if not _is_asyncio_fixture_function(fixturedef.func):
            if asyncio_mode == Mode.STRICT:
                # Ignore async fixtures without explicit asyncio mark in strict mode
                # This applies to pytest_trio fixtures, for example
>               return (yield)
                        ^^^^^
E               pytest.PytestRemovedIn9Warning: 'test_analyze_task_endpoint' requested an async fixture 'db_session', with no plugin or hook that handled it. This is usually an error, as pytest does not natively support it. This will turn into an error in pytest 9.
E               See: https://docs.pytest.org/en/stable/deprecations.html#sync-test-depending-on-async-fixture

venv\Lib\site-packages\pytest_asyncio\plugin.py:728: PytestRemovedIn9Warning
________________ ERROR at setup of test_schedule_task_endpoint ________________

self = <Coroutine test_schedule_task_endpoint>

    def setup(self) -> None:
        runner_fixture_id = f"_{self._loop_scope}_scoped_runner"
        if runner_fixture_id not in self.fixturenames:
            self.fixturenames.append(runner_fixture_id)
>       return super().setup()
               ^^^^^^^^^^^^^^^

venv\Lib\site-packages\pytest_asyncio\plugin.py:458: 
_ _ _ _ _ _ _ _ _ _ _ _ _ _ _ _ _ _ _ _ _ _ _ _ _ _ _ _ _ _ _ _ _ _ _ _ _ _ _ _

fixturedef = <FixtureDef argname='db_session' scope='function' baseid='tests'>
request = <SubRequest 'db_session' for <Coroutine test_schedule_task_endpoint>>

    @pytest.hookimpl(wrapper=True)
    def pytest_fixture_setup(fixturedef: FixtureDef, request) -> object | None:
        asyncio_mode = _get_asyncio_mode(request.config)
        if not _is_asyncio_fixture_function(fixturedef.func):
            if asyncio_mode == Mode.STRICT:
                # Ignore async fixtures without explicit asyncio mark in strict mode
                # This applies to pytest_trio fixtures, for example
>               return (yield)
                        ^^^^^
E               pytest.PytestRemovedIn9Warning: 'test_schedule_task_endpoint' requested an async fixture 'db_session', with no plugin or hook that handled it. This is usually an error, as pytest does not natively support it. This will turn into an error in pytest 9.
E               See: https://docs.pytest.org/en/stable/deprecations.html#sync-test-depending-on-async-fixture

venv\Lib\site-packages\pytest_asyncio\plugin.py:728: PytestRemovedIn9Warning
_________________ ERROR at setup of test_task_not_found_error _________________

self = <Coroutine test_task_not_found_error>

    def setup(self) -> None:
        runner_fixture_id = f"_{self._loop_scope}_scoped_runner"
        if runner_fixture_id not in self.fixturenames:
            self.fixturenames.append(runner_fixture_id)
>       return super().setup()
               ^^^^^^^^^^^^^^^

venv\Lib\site-packages\pytest_asyncio\plugin.py:458: 
_ _ _ _ _ _ _ _ _ _ _ _ _ _ _ _ _ _ _ _ _ _ _ _ _ _ _ _ _ _ _ _ _ _ _ _ _ _ _ _

fixturedef = <FixtureDef argname='db_session' scope='function' baseid='tests'>
request = <SubRequest 'db_session' for <Coroutine test_task_not_found_error>>

    @pytest.hookimpl(wrapper=True)
    def pytest_fixture_setup(fixturedef: FixtureDef, request) -> object | None:
        asyncio_mode = _get_asyncio_mode(request.config)
        if not _is_asyncio_fixture_function(fixturedef.func):
            if asyncio_mode == Mode.STRICT:
                # Ignore async fixtures without explicit asyncio mark in strict mode
                # This applies to pytest_trio fixtures, for example
>               return (yield)
                        ^^^^^
E               pytest.PytestRemovedIn9Warning: 'test_task_not_found_error' requested an async fixture 'db_session', with no plugin or hook that handled it. This is usually an error, as pytest does not natively support it. This will turn into an error in pytest 9.
E               See: https://docs.pytest.org/en/stable/deprecations.html#sync-test-depending-on-async-fixture

venv\Lib\site-packages\pytest_asyncio\plugin.py:728: PytestRemovedIn9Warning
___________________ ERROR at setup of test_full_ai_workflow ___________________

self = <Coroutine test_full_ai_workflow>

    def setup(self) -> None:
        runner_fixture_id = f"_{self._loop_scope}_scoped_runner"
        if runner_fixture_id not in self.fixturenames:
            self.fixturenames.append(runner_fixture_id)
>       return super().setup()
               ^^^^^^^^^^^^^^^

venv\Lib\site-packages\pytest_asyncio\plugin.py:458: 
_ _ _ _ _ _ _ _ _ _ _ _ _ _ _ _ _ _ _ _ _ _ _ _ _ _ _ _ _ _ _ _ _ _ _ _ _ _ _ _

fixturedef = <FixtureDef argname='db_session' scope='function' baseid='tests'>
request = <SubRequest 'db_session' for <Coroutine test_full_ai_workflow>>

    @pytest.hookimpl(wrapper=True)
    def pytest_fixture_setup(fixturedef: FixtureDef, request) -> object | None:
        asyncio_mode = _get_asyncio_mode(request.config)
        if not _is_asyncio_fixture_function(fixturedef.func):
            if asyncio_mode == Mode.STRICT:
                # Ignore async fixtures without explicit asyncio mark in strict mode
                # This applies to pytest_trio fixtures, for example
>               return (yield)
                        ^^^^^
E               pytest.PytestRemovedIn9Warning: 'test_full_ai_workflow' requested an async fixture 'db_session', with no plugin or hook that handled it. This is usually an error, as pytest does not natively support it. This will turn into an error in pytest 9.
E               See: https://docs.pytest.org/en/stable/deprecations.html#sync-test-depending-on-async-fixture

venv\Lib\site-packages\pytest_asyncio\plugin.py:728: PytestRemovedIn9Warning
______________ ERROR at setup of test_analyze_task_invalid_input ______________

self = <Coroutine test_analyze_task_invalid_input>

    def setup(self) -> None:
        runner_fixture_id = f"_{self._loop_scope}_scoped_runner"
        if runner_fixture_id not in self.fixturenames:
            self.fixturenames.append(runner_fixture_id)
>       return super().setup()
               ^^^^^^^^^^^^^^^

venv\Lib\site-packages\pytest_asyncio\plugin.py:458: 
_ _ _ _ _ _ _ _ _ _ _ _ _ _ _ _ _ _ _ _ _ _ _ _ _ _ _ _ _ _ _ _ _ _ _ _ _ _ _ _

fixturedef = <FixtureDef argname='db_session' scope='function' baseid='tests'>
request = <SubRequest 'db_session' for <Coroutine test_analyze_task_invalid_input>>

    @pytest.hookimpl(wrapper=True)
    def pytest_fixture_setup(fixturedef: FixtureDef, request) -> object | None:
        asyncio_mode = _get_asyncio_mode(request.config)
        if not _is_asyncio_fixture_function(fixturedef.func):
            if asyncio_mode == Mode.STRICT:
                # Ignore async fixtures without explicit asyncio mark in strict mode
                # This applies to pytest_trio fixtures, for example
>               return (yield)
                        ^^^^^
E               pytest.PytestRemovedIn9Warning: 'test_analyze_task_invalid_input' requested an async fixture 'db_session', with no plugin or hook that handled it. This is usually an error, as pytest does not natively support it. This will turn into an error in pytest 9.
E               See: https://docs.pytest.org/en/stable/deprecations.html#sync-test-depending-on-async-fixture

venv\Lib\site-packages\pytest_asyncio\plugin.py:728: PytestRemovedIn9Warning
______________ ERROR at setup of test_schedule_task_unauthorized ______________

self = <Coroutine test_schedule_task_unauthorized>

    def setup(self) -> None:
        runner_fixture_id = f"_{self._loop_scope}_scoped_runner"
        if runner_fixture_id not in self.fixturenames:
            self.fixturenames.append(runner_fixture_id)
>       return super().setup()
               ^^^^^^^^^^^^^^^

venv\Lib\site-packages\pytest_asyncio\plugin.py:458: 
_ _ _ _ _ _ _ _ _ _ _ _ _ _ _ _ _ _ _ _ _ _ _ _ _ _ _ _ _ _ _ _ _ _ _ _ _ _ _ _

fixturedef = <FixtureDef argname='db_session' scope='function' baseid='tests'>
request = <SubRequest 'db_session' for <Coroutine test_schedule_task_unauthorized>>

    @pytest.hookimpl(wrapper=True)
    def pytest_fixture_setup(fixturedef: FixtureDef, request) -> object | None:
        asyncio_mode = _get_asyncio_mode(request.config)
        if not _is_asyncio_fixture_function(fixturedef.func):
            if asyncio_mode == Mode.STRICT:
                # Ignore async fixtures without explicit asyncio mark in strict mode
                # This applies to pytest_trio fixtures, for example
>               return (yield)
                        ^^^^^
E               pytest.PytestRemovedIn9Warning: 'test_schedule_task_unauthorized' requested an async fixture 'db_session', with no plugin or hook that handled it. This is usually an error, as pytest does not natively support it. This will turn into an error in pytest 9.
E               See: https://docs.pytest.org/en/stable/deprecations.html#sync-test-depending-on-async-fixture

venv\Lib\site-packages\pytest_asyncio\plugin.py:728: PytestRemovedIn9Warning
__________________ ERROR at setup of test_partial_task_data ___________________

self = <Coroutine test_partial_task_data>

    def setup(self) -> None:
        runner_fixture_id = f"_{self._loop_scope}_scoped_runner"
        if runner_fixture_id not in self.fixturenames:
            self.fixturenames.append(runner_fixture_id)
>       return super().setup()
               ^^^^^^^^^^^^^^^

venv\Lib\site-packages\pytest_asyncio\plugin.py:458: 
_ _ _ _ _ _ _ _ _ _ _ _ _ _ _ _ _ _ _ _ _ _ _ _ _ _ _ _ _ _ _ _ _ _ _ _ _ _ _ _

fixturedef = <FixtureDef argname='db_session' scope='function' baseid='tests'>
request = <SubRequest 'db_session' for <Coroutine test_partial_task_data>>

    @pytest.hookimpl(wrapper=True)
    def pytest_fixture_setup(fixturedef: FixtureDef, request) -> object | None:
        asyncio_mode = _get_asyncio_mode(request.config)
        if not _is_asyncio_fixture_function(fixturedef.func):
            if asyncio_mode == Mode.STRICT:
                # Ignore async fixtures without explicit asyncio mark in strict mode
                # This applies to pytest_trio fixtures, for example
>               return (yield)
                        ^^^^^
E               pytest.PytestRemovedIn9Warning: 'test_partial_task_data' requested an async fixture 'db_session', with no plugin or hook that handled it. This is usually an error, as pytest does not natively support it. This will turn into an error in pytest 9.
E               See: https://docs.pytest.org/en/stable/deprecations.html#sync-test-depending-on-async-fixture

venv\Lib\site-packages\pytest_asyncio\plugin.py:728: PytestRemovedIn9Warning
============================== warnings summary ===============================
app\core\config.py:4
  C:\Users\Khwaish\.vscode\AIPlanner\backend\app\core\config.py:4: PydanticDeprecatedSince20: Support for class-based `config` is deprecated, use ConfigDict instead. Deprecated in Pydantic V2.0 to be removed in V3.0. See Pydantic V2 Migration Guide at https://errors.pydantic.dev/2.12/migration/
    class Settings(BaseSettings):

app\db\base.py:4
  C:\Users\Khwaish\.vscode\AIPlanner\backend\app\db\base.py:4: MovedIn20Warning: The ``declarative_base()`` function is now available as sqlalchemy.orm.declarative_base(). (deprecated since: 2.0) (Background on SQLAlchemy 2.0 at: https://sqlalche.me/e/b8d9)
    Base = declarative_base()

app\schemas\user.py:22
  C:\Users\Khwaish\.vscode\AIPlanner\backend\app\schemas\user.py:22: PydanticDeprecatedSince20: Support for class-based `config` is deprecated, use ConfigDict instead. Deprecated in Pydantic V2.0 to be removed in V3.0. See Pydantic V2 Migration Guide at https://errors.pydantic.dev/2.12/migration/
    class UserInDBBase(UserBase):

app\schemas\task.py:21
  C:\Users\Khwaish\.vscode\AIPlanner\backend\app\schemas\task.py:21: PydanticDeprecatedSince20: Support for class-based `config` is deprecated, use ConfigDict instead. Deprecated in Pydantic V2.0 to be removed in V3.0. See Pydantic V2 Migration Guide at https://errors.pydantic.dev/2.12/migration/
    class TaskInDBBase(TaskBase):

app\schemas\event.py:22
  C:\Users\Khwaish\.vscode\AIPlanner\backend\app\schemas\event.py:22: PydanticDeprecatedSince20: Support for class-based `config` is deprecated, use ConfigDict instead. Deprecated in Pydantic V2.0 to be removed in V3.0. See Pydantic V2 Migration Guide at https://errors.pydantic.dev/2.12/migration/
    class EventInDBBase(EventBase):

-- Docs: https://docs.pytest.org/en/stable/how-to/capture-warnings.html
=========================== short test summary info ===========================
ERROR tests/api/test_ai.py::test_analyze_task_endpoint - pytest.PytestRemoved...
ERROR tests/api/test_ai.py::test_schedule_task_endpoint - pytest.PytestRemove...
ERROR tests/api/test_ai.py::test_task_not_found_error - pytest.PytestRemovedI...
ERROR tests/api/test_ai.py::test_full_ai_workflow - pytest.PytestRemovedIn9Wa...
ERROR tests/api/test_ai.py::test_analyze_task_invalid_input - pytest.PytestRe...
ERROR tests/api/test_ai.py::test_schedule_task_unauthorized - pytest.PytestRe...
ERROR tests/api/test_ai.py::test_partial_task_data - pytest.PytestRemovedIn9W...
======================== 5 warnings, 7 errors in 1.44s ========================
